[
  {
    "datetime": "2023-07-01T21:00:00Z",
    "Volume": 150
  },
  {
    "datetime": "2023-07-01T22:00:00Z ",
    "Volume": 150
  },
  {
    "datetime": "2023-07-01T23:00:00Z ",
    "Volume": 150
  },
  {
    "datetime": "2023-07-02T00:00:00Z ",
    "Volume": 150
  },
  {
    "datetime": "2023-07-02T01:00:00Z ",
    "Volume": 150
  },
  {
    "datetime": "2023-07-02T02:00:00Z ",
    "Volume": 150
  },
  {
    "datetime": "2023-07-02T03:00:00Z ",
    "Volume": 150
  },
  {
    "datetime": "2023-07-02T04:00:00Z ",
    "Volume": 150
  },
  {
    "datetime": "2023-07-02T05:00:00Z ",
    "Volume": 150
  },
  {
    "datetime": "2023-07-02T06:00:00Z ",
    "Volume": 150
  },
  {
    "datetime": "2023-07-02T07:00:00Z ",
    "Volume": 150
  },
  {
    "datetime": "2023-07-02T08:00:00Z ",
    "Volume": 80
  },
  {
    "datetime": "2023-07-02T09:00:00Z ",
    "Volume": 80
  },
  {
    "datetime": "2023-07-02T10:00:00Z ",
    "Volume": 80
  },
  {
    "datetime": "2023-07-02T11:00:00Z ",
    "Volume": 80
  },
  {
    "datetime": "2023-07-02T12:00:00Z ",
    "Volume": 80
  },
  {
    "datetime": "2023-07-02T13:00:00Z ",
    "Volume": 80
  },
  {
    "datetime": "2023-07-02T14:00:00Z ",
    "Volume": 80
  },
  {
    "datetime": "2023-07-02T15:00:00Z ",
    "Volume": 80
  },
  {
    "datetime": "2023-07-02T16:00:00Z ",
    "Volume": 80
  },
  {
    "datetime": "2023-07-02T17:00:00Z ",
    "Volume": 80
  },
  {
    "datetime": "2023-07-02T18:00:00Z ",
    "Volume": 80
  },
  {
    "datetime": "2023-07-02T19:00:00Z ",
    "Volume": 80
  },
  {
    "datetime": "2023-07-02T20:00:00Z ",
    "Volume": 80
  }
]